// Jest Snapshot v1, https://goo.gl/fbAQLP

exports[`Pruebas en <GifItem /> debe de hacer match con el snapshot 1`] = `
<div>
  <div
    class="card"
  >
    <img
      alt="Superman"
      src="https://one-punch.com/saitama.png"
    />
    <p>
      Superman
    </p>
  </div>
</div>
`;
